// Jest Snapshot v1, https://goo.gl/fbAQLP

exports[`[Contrib] blocks/<AnswerEditionTags /> should match snapshot 1`] = `
<div>
  <div
    class="sc-bdVaJa sc-bwzfXH AnswerEditionTags__Container-ycvsa3-0 kGjiFp"
  >
    <h2
      class="Subtitle-sc-17ig8qv-0 gsnyDG"
    >
      Étiquettes
    </h2>
    <p>
      Sélectionnez les étiquettes correspondant à la réponse que vous rédigez afin de nous aider à classifier le contenu:
    </p>
    <div
      class="sc-bdVaJa sc-bwzfXH eVPJMi"
    >
      <h2
        class="Subtitle-sc-17ig8qv-0 AnswerEditionTags__Subtitle-ycvsa3-1 cVqAlR"
      >
        Type de contrat
      </h2>
      <div
        class="sc-bdVaJa sc-bwzfXH hbZeap"
      >
        <span
          class="Tag-sc-16selk6-0 lnmabc"
        >
          A Tag
        </span>
      </div>
    </div>
    <div
      class="sc-bdVaJa sc-bwzfXH eVPJMi"
    >
      <h2
        class="Subtitle-sc-17ig8qv-0 AnswerEditionTags__Subtitle-ycvsa3-1 eQbvOl"
      >
        Cible
      </h2>
      <div
        class="sc-bdVaJa sc-bwzfXH hbZeap"
      >
        <span
          class="Tag-sc-16selk6-0 fPHNXI"
        >
          Another Tag
        </span>
      </div>
    </div>
    <div
      class="sc-bdVaJa sc-bwzfXH eVPJMi"
    >
      <h2
        class="Subtitle-sc-17ig8qv-0 AnswerEditionTags__Subtitle-ycvsa3-1 eQbvOl"
      >
        Durée de travail
      </h2>
      <div
        class="sc-bdVaJa sc-bwzfXH hbZeap"
      />
    </div>
    <div
      class="sc-bdVaJa sc-bwzfXH eVPJMi"
    >
      <h2
        class="Subtitle-sc-17ig8qv-0 AnswerEditionTags__Subtitle-ycvsa3-1 eQbvOl"
      >
        Type d'horaires
      </h2>
      <div
        class="sc-bdVaJa sc-bwzfXH hbZeap"
      />
    </div>
    <div
      class="sc-bdVaJa sc-bwzfXH eVPJMi"
    >
      <h2
        class="Subtitle-sc-17ig8qv-0 AnswerEditionTags__Subtitle-ycvsa3-1 eQbvOl"
      >
        Particularismes
      </h2>
      <div
        class="sc-bdVaJa sc-bwzfXH hbZeap"
      />
    </div>
  </div>
</div>
`;
