// Jest Snapshot v1, https://goo.gl/fbAQLP

exports[`[Contrib] blocks/AnswerEditionHead/<Tab /> should match snapshot 1`] = `
<div>
  <div
    class="sc-bdVaJa sc-bwzfXH Tab__Container-sc-9u46t0-0 hyrWDR"
  >
    A Tab Text
  </div>
</div>
`;

exports[`[Contrib] blocks/AnswerEditionHead/<Tab /> should match snapshot diff with \`isActive\` prop 1`] = `
"Snapshot Diff:
- First value
+ Second value

  <DocumentFragment>
    <div
-     class=\\"sc-bdVaJa sc-bwzfXH Tab__Container-sc-9u46t0-0 hyrWDR\\"
+     class=\\"sc-bdVaJa sc-bwzfXH Tab__Container-sc-9u46t0-0 jSKpAZ\\"
    >
      A Tab Text
    </div>
  </DocumentFragment>"
`;
