// Jest Snapshot v1, https://goo.gl/fbAQLP

exports[`[Contrib] blocks/AnswerEditionHead/<Tabs /> should match snapshot 1`] = `
<div>
  <div
    class="sc-bdVaJa sc-bwzfXH Tabs__Container-sc-10g095d-0 eUHfiE"
  >
    <div
      class="sc-bdVaJa sc-bwzfXH Tab__Container-sc-9u46t0-0 jSKpAZ"
    >
      Édition
    </div>
    <div
      class="sc-bdVaJa sc-bwzfXH Tab__Container-sc-9u46t0-0 hyrWDR"
    >
      Références juridiques (2)
    </div>
    <div
      class="sc-bdVaJa sc-bwzfXH Tab__Container-sc-9u46t0-0 hyrWDR"
    >
      Étiquettes (12)
    </div>
  </div>
</div>
`;
