// Jest Snapshot v1, https://goo.gl/fbAQLP

exports[`[Contrib] components/<Pagination /> should match snapshot 1`] = `
<div>
  <div
    class="sc-bdVaJa sc-bwzfXH Pagination__Container-sc-56xi-0 deNjEk"
  >
    <ul>
      <li
        class="previous"
      >
        <a
          aria-disabled="false"
          role="button"
          tabindex="0"
        >
          &lt; Précédent
        </a>
      </li>
      <li>
        <a
          aria-label="Page 1"
          role="button"
          tabindex="0"
        >
          1
        </a>
      </li>
      <li>
        <a
          aria-label="Page 2"
          role="button"
          tabindex="0"
        >
          2
        </a>
      </li>
      <li
        class="selected"
      >
        <a
          aria-current="page"
          aria-label="Page 3 is your current page"
          role="button"
          tabindex="0"
        >
          3
        </a>
      </li>
      <li>
        <a
          aria-label="Page 4"
          role="button"
          tabindex="0"
        >
          4
        </a>
      </li>
      <li
        class="break"
      >
        <a
          role="button"
          tabindex="0"
        >
          ...
        </a>
      </li>
      <li>
        <a
          aria-label="Page 10"
          role="button"
          tabindex="0"
        >
          10
        </a>
      </li>
      <li>
        <a
          aria-label="Page 11"
          role="button"
          tabindex="0"
        >
          11
        </a>
      </li>
      <li>
        <a
          aria-label="Page 12"
          role="button"
          tabindex="0"
        >
          12
        </a>
      </li>
      <li
        class="next"
      >
        <a
          aria-disabled="false"
          role="button"
          tabindex="0"
        >
          Suivant &gt;
        </a>
      </li>
    </ul>
  </div>
</div>
`;
