// Jest Snapshot v1, https://goo.gl/fbAQLP

exports[`[Contrib] pages/<Answer /> should render 1`] = `
<div>
  <div
    class="sc-bdVaJa sc-bwzfXH Main__Container-q4q6nx-0 bBIrgk"
    style="height: 100vh;"
  >
    <div
      class="sc-bdVaJa sc-bwzfXH Main__Body-q4q6nx-1 eBCYWC"
      width="1"
    >
      <div
        class="sc-bdVaJa sc-bwzfXH Header__Container-sc-7cr55z-0 kivzys"
      >
        <div
          class="sc-bdVaJa sc-bwzfXH Header__Brand-sc-7cr55z-1 ccbJhB"
        >
          <img
            alt="Code du travail numérique"
            class="Header__Logo-sc-7cr55z-2 kAIypM"
            src="[object Object]"
          />
          <div
            class="sc-bdVaJa sc-bwzfXH eVPJMi"
          >
            <span
              class="Header__Title-sc-7cr55z-3 jGdlvq"
            >
              Code du travail numérique
            </span>
            <span
              class="Header__Subtitle-sc-7cr55z-4 kxPxIS"
            >
              Outil de contribution
            </span>
          </div>
        </div>
      </div>
      <div
        class="sc-bdVaJa sc-bwzfXH Main__Content-q4q6nx-2 lhyucv"
      >
        Loading...
      </div>
    </div>
  </div>
</div>
`;
