// Jest Snapshot v1, https://goo.gl/fbAQLP

exports[`blocks/<AnswerEditionHead /> should match snapshot 1`] = `
.emotion-18 {
  box-sizing: border-box;
  margin: 0;
  min-width: 0;
  -webkit-box-pack: justify;
  -webkit-justify-content: space-between;
  -ms-flex-pack: justify;
  justify-content: space-between;
  display: -webkit-box;
  display: -webkit-flex;
  display: -ms-flexbox;
  display: flex;
  background-color: white;
  box-shadow: 0 0 0.125rem lightgray;
  padding: 1rem 1rem 0;
  -webkit-user-select: none;
  -moz-user-select: none;
  -ms-user-select: none;
  user-select: none;
}

.emotion-12 {
  box-sizing: border-box;
  margin: 0;
  min-width: 0;
  -webkit-flex-direction: column;
  -ms-flex-direction: column;
  flex-direction: column;
  display: -webkit-box;
  display: -webkit-flex;
  display: -ms-flexbox;
  display: flex;
}

.emotion-5 {
  box-sizing: border-box;
  margin: 0;
  min-width: 0;
  -webkit-align-items: baseline;
  -webkit-box-align: baseline;
  -ms-flex-align: baseline;
  align-items: baseline;
  display: -webkit-box;
  display: -webkit-flex;
  display: -ms-flexbox;
  display: flex;
}

.emotion-1 {
  background-color: var(--color-label-background);
  border: solid 1px var(--color-border);
  border-radius: 0.25rem;
  cursor: help;
  font-size: 0.8rem;
  font-weight: 600;
  margin-right: 0.75rem;
  opacity: 0.75;
  padding: 0.25rem 0.5rem;
  -webkit-user-select: none;
  -moz-user-select: none;
  -ms-user-select: none;
  user-select: none;
  white-space: nowrap;
}

.emotion-1:hover {
  opacity: 1;
}

.emotion-3 {
  color: black;
  font-size: 1.3rem;
  font-weight: 600;
  margin: 0 0 0.5rem;
  -webkit-user-select: none;
  -moz-user-select: none;
  -ms-user-select: none;
  user-select: none;
}

.emotion-10 {
  box-sizing: border-box;
  margin: 0;
  min-width: 0;
  display: -webkit-box;
  display: -webkit-flex;
  display: -ms-flexbox;
  display: flex;
  margin-top: 0.5rem;
}

.emotion-6 {
  box-sizing: border-box;
  margin: 0;
  min-width: 0;
  -webkit-align-items: center;
  -webkit-box-align: center;
  -ms-flex-align: center;
  align-items: center;
  -webkit-box-pack: center;
  -webkit-justify-content: center;
  -ms-flex-pack: center;
  justify-content: center;
  display: -webkit-box;
  display: -webkit-flex;
  display: -ms-flexbox;
  display: flex;
  border-bottom: solid 0.25rem var(--color-blue-sapphire);
  color: var(--color-lapis-lazuli);
  cursor: pointer;
  font-size: 0.875rem;
  font-weight: 600;
  padding: 0.5rem 0;
  width: 12rem;
}

.emotion-8 {
  box-sizing: border-box;
  margin: 0;
  min-width: 0;
  -webkit-align-items: center;
  -webkit-box-align: center;
  -ms-flex-align: center;
  align-items: center;
  -webkit-box-pack: center;
  -webkit-justify-content: center;
  -ms-flex-pack: center;
  justify-content: center;
  display: -webkit-box;
  display: -webkit-flex;
  display: -ms-flexbox;
  display: flex;
  border-bottom: 0;
  color: var(--color-black-leather-jacket);
  cursor: pointer;
  font-size: 0.875rem;
  font-weight: 400;
  padding: 0.5rem 0;
  width: 12rem;
}

.emotion-14 {
  box-sizing: border-box;
  margin: 0;
  min-width: 0;
  -webkit-appearance: none;
  -moz-appearance: none;
  appearance: none;
  display: inline-block;
  text-align: center;
  line-height: inherit;
  -webkit-text-decoration: none;
  text-decoration: none;
  font-size: inherit;
  padding-left: 16px;
  padding-right: 16px;
  padding-top: 8px;
  padding-bottom: 8px;
  color: white;
  background-color: primary;
  border: 0;
  border-radius: 4px;
  color: var(--color-periwinkle);
  background-color: var(--color-periwinkle);
  border-radius: 0.125rem;
  color: var(--color-eerie-black);
  cursor: pointer;
  display: -webkit-box;
  display: -webkit-flex;
  display: -ms-flexbox;
  display: flex;
  font-size: 0.9375rem;
  font-weight: 600;
  margin-right: 1rem;
  min-height: 1.25rem;
  min-width: 1.25rem;
  opacity: 1;
  padding: 0.3rem 1rem 0.3rem;
  white-space: nowrap;
}

.emotion-14:hover {
  opacity: 1;
}

.emotion-14 svg {
  cursor: pointer;
  height: 1rem;
  margin-right: 0.25rem;
  padding-top: 0.125rem;
  width: 1rem;
}

.emotion-16 {
  box-sizing: border-box;
  margin: 0;
  min-width: 0;
  -webkit-appearance: none;
  -moz-appearance: none;
  appearance: none;
  display: inline-block;
  text-align: center;
  line-height: inherit;
  -webkit-text-decoration: none;
  text-decoration: none;
  font-size: inherit;
  padding-left: 16px;
  padding-right: 16px;
  padding-top: 8px;
  padding-bottom: 8px;
  color: white;
  background-color: primary;
  border: 0;
  border-radius: 4px;
  color: var(--color-lapis-lazuli);
  background-color: var(--color-lapis-lazuli);
  border-radius: 0.125rem;
  color: white;
  cursor: pointer;
  display: -webkit-box;
  display: -webkit-flex;
  display: -ms-flexbox;
  display: flex;
  font-size: 0.9375rem;
  font-weight: 600;
  margin-right: 0;
  min-height: 1.25rem;
  min-width: 1.25rem;
  opacity: 1;
  padding: 0.3rem 1rem 0.3rem;
  white-space: nowrap;
}

.emotion-16:hover {
  opacity: 1;
}

.emotion-16 svg {
  cursor: pointer;
  height: 1rem;
  margin-right: 0.25rem;
  padding-top: 0.125rem;
  width: 1rem;
}

<div>
  <div
    class="emotion-18 emotion-19"
  >
    <div
      class="emotion-12"
    >
      <div
        class="emotion-5"
      >
        <div
          class="emotion-0 emotion-1 emotion-2"
          currentitem="false"
          data-for="idcc-0123"
          data-tip="An Agreement Name"
        >
          IDCC: 0123
          <div
            class="__react_component_tooltip place-top type-dark"
            data-id="tooltip"
            id="idcc-0123"
          />
        </div>
        <h1
          class="emotion-3 emotion-4"
        >
          123) A Question Value
        </h1>
      </div>
      <div
        class="emotion-10 emotion-11"
      >
        <div
          class="emotion-6 emotion-7"
        >
          Édition
        </div>
        <div
          class="emotion-8 emotion-7"
        >
          Références juridiques (undefined)
        </div>
      </div>
    </div>
    <div
      class="emotion-5"
    >
      <button
        class="emotion-13 emotion-14"
      >
        Annuler ma réponse
      </button>
      <button
        class="emotion-13 emotion-16"
      >
        Demander la validation
      </button>
    </div>
  </div>
</div>
`;
