// Jest Snapshot v1, https://goo.gl/fbAQLP

exports[`[Contrib] blocks/<Answer /> should match snapshot 1`] = `
<div>
  <div
    class="Answer__Container-aw3my4-0 diWHeF"
  >
    <div
      class="sc-bdVaJa sc-bwzfXH erVoqY"
    >
      <div
        class="Answer__Label-aw3my4-1 gtjdxc"
      >
        A label
      </div>
      <div
        class="Idcc__Container-owzimc-0 dbOONK"
        currentitem="false"
        data-tip="A Labor Agreement Name"
      >
        1234
        <div
          class="__react_component_tooltip place-top type-dark "
          data-id="tooltip"
        />
      </div>
    </div>
    Who knows?
  </div>
</div>
`;
