// Jest Snapshot v1, https://goo.gl/fbAQLP

exports[`[Contrib] layouts/<AdminMenu /> should match snapshot 1`] = `
<div>
  <div
    class="sc-bdVaJa sc-bwzfXH AdminMenu__Container-t0dk93-0 dYccBZ"
  >
    <div
      class="AdminMenu__Link-t0dk93-2 LnAQE"
    >
      Tableau de bord
    </div>
    <div
      class="AdminMenu__Link-t0dk93-2 kospmv"
    >
      Conventions
    </div>
    <div
      class="AdminMenu__Link-t0dk93-2 kospmv"
    >
      Étiquettes
    </div>
    <div
      class="AdminMenu__Link-t0dk93-2 kospmv"
    >
      Questions
    </div>
    <div
      class="AdminMenu__Link-t0dk93-2 kospmv"
    >
      Réponses
    </div>
    <div
      class="AdminMenu__Link-t0dk93-2 kospmv"
    >
      Unités
    </div>
    <div
      class="AdminMenu__Link-t0dk93-2 kospmv"
    >
      Utilisateurs
    </div>
    <h2
      class="Subtitle-sc-17ig8qv-0 AdminMenu__Subtitle-t0dk93-1 vshUS"
    >
      Maintenance
    </h2>
    <div
      class="AdminMenu__Link-t0dk93-2 kospmv"
    >
      Migrations
    </div>
  </div>
</div>
`;

exports[`[Contrib] layouts/<AdminMenu /> should match snapshot diff when the path has changed 1`] = `
"Snapshot Diff:
- First value
+ Second value

@@ -1,16 +1,16 @@
  <DocumentFragment>
    <div
      class=\\"sc-bdVaJa sc-bwzfXH AdminMenu__Container-t0dk93-0 dYccBZ\\"
    >
      <div
-       class=\\"AdminMenu__Link-t0dk93-2 LnAQE\\"
+       class=\\"AdminMenu__Link-t0dk93-2 kospmv\\"
      >
        Tableau de bord
      </div>
      <div
-       class=\\"AdminMenu__Link-t0dk93-2 kospmv\\"
+       class=\\"AdminMenu__Link-t0dk93-2 LnAQE\\"
      >
        Conventions
      </div>
      <div
        class=\\"AdminMenu__Link-t0dk93-2 kospmv\\""
`;
