// Jest Snapshot v1, https://goo.gl/fbAQLP

exports[`elements/<Idcc /> should pass 1`] = `
.emotion-0 {
  background-color: var(--color-label-background);
  border: solid 1px var(--color-black-leather-jacket);
  border-radius: 1rem;
  cursor: help;
  font-size: 0.8rem;
  font-weight: 600;
  margin-right: 0.75rem;
  opacity: 0.75;
  padding: 0.25rem 0.5rem;
  -webkit-user-select: none;
  -moz-user-select: none;
  -ms-user-select: none;
  user-select: none;
  white-space: nowrap;
}

.emotion-0:hover {
  opacity: 1;
}

<div
  className="emotion-0 emotion-1"
  data-tip="Code du travail"
>
  CDT
  <div
    className="__react_component_tooltip place-top type-dark"
    data-id="tooltip"
  />
</div>
`;
