// Jest Snapshot v1, https://goo.gl/fbAQLP

exports[`elements/<Subtitle /> should pass 1`] = `
.emotion-0 {
  color: black;
  font-size: 1.2rem;
  font-weight: 600;
  margin: 1.5rem 0 0.5rem;
  -webkit-user-select: none;
  -moz-user-select: none;
  -ms-user-select: none;
  user-select: none;
}

<h2
  className="emotion-0 emotion-1"
>
  A Subtitle
</h2>
`;
