// Jest Snapshot v1, https://goo.gl/fbAQLP

exports[`elements/<Textarea /> should match snapshot 1`] = `
.emotion-0 {
  -webkit-appearance: none;
  background-color: white;
  border: solid 1px var(--color-border);
  color: inherit;
  -webkit-box-flex: 1;
  -webkit-flex-grow: 1;
  -ms-flex-positive: 1;
  flex-grow: 1;
  font-family: inherit;
  font-weight: inherit;
  font-size: inherit;
  line-height: 1;
  padding: 0.4rem 0.6rem 0.575rem;
  resize: none;
}

<div>
  <textarea
    class="emotion-0 emotion-1"
  />
</div>
`;
