// Jest Snapshot v1, https://goo.gl/fbAQLP

exports[`elements/<Title /> should pass 1`] = `
.emotion-0 {
  color: black;
  font-size: 1.3rem;
  font-weight: 600;
  margin: 1rem 0;
  -webkit-user-select: none;
  -moz-user-select: none;
  -ms-user-select: none;
  user-select: none;
}

<h1
  className="emotion-0 emotion-1"
>
  A Title
</h1>
`;
