// Jest Snapshot v1, https://goo.gl/fbAQLP

exports[`[Contrib] elements/<Idcc /> should match snapshot 1`] = `
<div>
  <div
    class="Idcc__Container-owzimc-0 dbOONK"
    currentitem="false"
    data-tip="A labor agreement title"
  >
    1234
    <div
      class="__react_component_tooltip place-top type-dark "
      data-id="tooltip"
    />
  </div>
</div>
`;
