// Jest Snapshot v1, https://goo.gl/fbAQLP

exports[`[Contrib] elements/<LoadingSpinner /> should match snapshot 1`] = `
<div>
  <div
    class="LoadingSpinner__Container-eu7nmw-0 bxJFNi"
  >
    <div
      class="LoadingSpinner__Spinner-eu7nmw-1 sHZX"
    />
    <div
      class="LoadingSpinner__Spinner-eu7nmw-1 LoadingSpinner__SpinnerNext-eu7nmw-2 daPQQA"
    />
  </div>
</div>
`;
