// Jest Snapshot v1, https://goo.gl/fbAQLP

exports[`[Contrib] elements/<SavingSpinner /> should pass 1`] = `
@keyframes animation-0 {
  0% {
    -webkit-transform: rotate(0deg);
    -ms-transform: rotate(0deg);
    transform: rotate(0deg);
  }

  100% {
    -webkit-transform: rotate(360deg);
    -ms-transform: rotate(360deg);
    transform: rotate(360deg);
  }
}

@keyframes animation-0 {
  0% {
    -webkit-transform: rotate(0deg);
    -ms-transform: rotate(0deg);
    transform: rotate(0deg);
  }

  100% {
    -webkit-transform: rotate(360deg);
    -ms-transform: rotate(360deg);
    transform: rotate(360deg);
  }
}

@keyframes animation-0 {
  0% {
    -webkit-transform: rotate(0deg);
    -ms-transform: rotate(0deg);
    transform: rotate(0deg);
  }

  100% {
    -webkit-transform: rotate(360deg);
    -ms-transform: rotate(360deg);
    transform: rotate(360deg);
  }
}

@keyframes animation-0 {
  0% {
    -webkit-transform: rotate(0deg);
    -ms-transform: rotate(0deg);
    transform: rotate(0deg);
  }

  100% {
    -webkit-transform: rotate(360deg);
    -ms-transform: rotate(360deg);
    transform: rotate(360deg);
  }
}

.emotion-8 {
  display: inline-block;
  height: 64px;
  position: relative;
  width: 64px;
}

.emotion-0 {
  -webkit-animation: animation-0 1.2s cubic-bezier(0.5,0,0.5,1) infinite;
  animation: animation-0 1.2s cubic-bezier(0.5,0,0.5,1) infinite;
  border: 6px solid white;
  border-color: white transparent transparent transparent;
  border-radius: 50%;
  box-sizing: border-box;
  display: block;
  height: 51px;
  margin: 6px;
  position: absolute;
  width: 51px;
  -webkit-animation-delay: -0.45s;
  animation-delay: -0.45s;
}

.emotion-2 {
  -webkit-animation: animation-0 1.2s cubic-bezier(0.5,0,0.5,1) infinite;
  animation: animation-0 1.2s cubic-bezier(0.5,0,0.5,1) infinite;
  border: 6px solid white;
  border-color: white transparent transparent transparent;
  border-radius: 50%;
  box-sizing: border-box;
  display: block;
  height: 51px;
  margin: 6px;
  position: absolute;
  width: 51px;
  -webkit-animation-delay: -0.3s;
  animation-delay: -0.3s;
}

.emotion-4 {
  -webkit-animation: animation-0 1.2s cubic-bezier(0.5,0,0.5,1) infinite;
  animation: animation-0 1.2s cubic-bezier(0.5,0,0.5,1) infinite;
  border: 6px solid white;
  border-color: white transparent transparent transparent;
  border-radius: 50%;
  box-sizing: border-box;
  display: block;
  height: 51px;
  margin: 6px;
  position: absolute;
  width: 51px;
  -webkit-animation-delay: -0.15s;
  animation-delay: -0.15s;
}

.emotion-6 {
  -webkit-animation: animation-0 1.2s cubic-bezier(0.5,0,0.5,1) infinite;
  animation: animation-0 1.2s cubic-bezier(0.5,0,0.5,1) infinite;
  border: 6px solid white;
  border-color: white transparent transparent transparent;
  border-radius: 50%;
  box-sizing: border-box;
  display: block;
  height: 51px;
  margin: 6px;
  position: absolute;
  width: 51px;
}

<div
  className="emotion-8 emotion-9"
  size={64}
>
  <div
    className="emotion-0 emotion-1"
    color="white"
    size={64}
  />
  <div
    className="emotion-2 emotion-3"
    color="white"
    size={64}
  />
  <div
    className="emotion-4 emotion-5"
    color="white"
    size={64}
  />
  <div
    className="emotion-6 emotion-7"
    color="white"
    size={64}
  />
</div>
`;
