// Jest Snapshot v1, https://goo.gl/fbAQLP

exports[`[Contrib] elements/<Spinner /> should match snapshot 1`] = `
<div>
  <div
    class="Spinner__Container-nm5wf5-0 iybyio"
  >
    <div
      class="Spinner-nm5wf5-1 cCjJqj"
    />
    <div
      class="Spinner-nm5wf5-1 Spinner__SpinnerNext-nm5wf5-2 hUyNhV"
    />
  </div>
</div>
`;
