// Jest Snapshot v1, https://goo.gl/fbAQLP

exports[`[Contrib] elements/<Textarea /> should match snapshot 1`] = `
<div>
  <textarea
    class="Textarea-sc-1raibsp-0 SZVUP"
  />
</div>
`;
