// Jest Snapshot v1, https://goo.gl/fbAQLP

exports[`[Contrib] blocks/AnswerEditionContent/<TagsBar /> should match snapshot 1`] = `
<div>
  <div
    class="sc-bdVaJa sc-bwzfXH TagsBar__Container-sc-1lrdtxx-0 cEsfMC"
  >
    <div
      class="sc-bdVaJa sc-bwzfXH eVPJMi"
    >
      <p
        class="TagsBar__Title-sc-1lrdtxx-1 jrzJtQ"
      >
        Type de contrat
      </p>
      <div
        class="sc-bdVaJa sc-bwzfXH hbZeap"
      >
        <span
          class="Tag-sc-16selk6-0 gFNzpE"
        >
          A Tag
        </span>
      </div>
    </div>
    <div
      class="sc-bdVaJa sc-bwzfXH eVPJMi"
    >
      <p
        class="TagsBar__Title-sc-1lrdtxx-1 jrzJtQ"
      >
        Cible
      </p>
      <div
        class="sc-bdVaJa sc-bwzfXH hbZeap"
      >
        <span
          class="Tag-sc-16selk6-0 vTDzf"
        >
          Another Tag
        </span>
      </div>
    </div>
    <div
      class="sc-bdVaJa sc-bwzfXH eVPJMi"
    >
      <p
        class="TagsBar__Title-sc-1lrdtxx-1 jrzJtQ"
      >
        Dur√©e de travail
      </p>
      <div
        class="sc-bdVaJa sc-bwzfXH hbZeap"
      />
    </div>
    <div
      class="sc-bdVaJa sc-bwzfXH eVPJMi"
    >
      <p
        class="TagsBar__Title-sc-1lrdtxx-1 jrzJtQ"
      >
        Type d'horaires
      </p>
      <div
        class="sc-bdVaJa sc-bwzfXH hbZeap"
      />
    </div>
    <div
      class="sc-bdVaJa sc-bwzfXH eVPJMi"
    >
      <p
        class="TagsBar__Title-sc-1lrdtxx-1 jrzJtQ"
      >
        Particularismes
      </p>
      <div
        class="sc-bdVaJa sc-bwzfXH hbZeap"
      />
    </div>
  </div>
</div>
`;
